// Jest Snapshot v1, https://goo.gl/fbAQLP

exports[`TodoScreen Matches snapshot. 1`] = `
<TodoScreen
  navigation={Object {}}
/>
`;
