// Jest Snapshot v1, https://goo.gl/fbAQLP

exports[`TodoElement Matches snapshot. 1`] = `
<Connect(TodoElement)
  category="work"
  completed={false}
  date="2018-10-07"
  text="buy eggs"
/>
`;
