// Jest Snapshot v1, https://goo.gl/fbAQLP

exports[`TodoList Matches snapshot. 1`] = `
<Component
  style={
    Object {
      "height": "25%",
    }
  }
>
  <ScrollViewMock />
</Component>
`;
