// Jest Snapshot v1, https://goo.gl/fbAQLP

exports[`TodoActionButton Matches snapshot. 1`] = `
<AnimatedComponent
  pointerEvents="box-none"
  style={
    Array [
      Object {
        "bottom": 0,
        "elevation": 0,
        "left": 0,
        "position": "absolute",
        "right": 0,
        "top": 0,
        "zIndex": 0,
      },
      Object {
        "backgroundColor": "transparent",
      },
    ]
  }
>
  <AnimatedComponent
    pointerEvents="box-none"
    style={
      Array [
        Object {
          "bottom": 85,
          "position": "absolute",
          "zIndex": 10,
        },
        Object {
          "alignItems": "flex-end",
          "right": -1000,
        },
        Object {
          "opacity": 0,
        },
        Object {
          "bottom": 94,
        },
      ]
    }
  >
    <FloatingActionItem
      active={false}
      color="red"
      distanceToEdge={30}
      margin={8}
      name="work"
      onPress={[Function]}
      paddingTopBottom={8}
      position="right"
      text="Work"
      textBackground="#ffffff"
      textColor="#444444"
      textElevation={5}
    />
    <FloatingActionItem
      active={false}
      color="blue"
      distanceToEdge={30}
      margin={8}
      name="school"
      onPress={[Function]}
      paddingTopBottom={8}
      position="right"
      text="School"
      textBackground="#ffffff"
      textColor="#444444"
      textElevation={5}
    />
    <FloatingActionItem
      active={false}
      color="orange"
      distanceToEdge={30}
      margin={8}
      name="fun"
      onPress={[Function]}
      paddingTopBottom={8}
      position="right"
      text="Fun"
      textBackground="#ffffff"
      textColor="#444444"
      textElevation={5}
    />
    <FloatingActionItem
      active={false}
      color="green"
      distanceToEdge={30}
      margin={8}
      name="other"
      onPress={[Function]}
      paddingTopBottom={8}
      position="right"
      text="Other"
      textBackground="#ffffff"
      textColor="#444444"
      textElevation={5}
    />
  </AnimatedComponent>
  <AnimatedComponent
    style={
      Array [
        Object {
          "alignItems": "center",
          "borderRadius": 28,
          "elevation": 5,
          "height": 56,
          "justifyContent": "center",
          "overflow": "visible",
          "position": "absolute",
          "shadowColor": "#000000",
          "shadowOffset": Object {
            "height": 5,
            "width": 0,
          },
          "shadowOpacity": 0.35,
          "shadowRadius": 3,
          "width": 56,
          "zIndex": 2,
        },
        Object {},
        Object {
          "backgroundColor": "#1253bc",
          "bottom": 30,
          "right": 30,
        },
        Object {
          "opacity": 1,
          "transform": Array [
            Object {
              "rotate": "0deg",
            },
            Object {
              "scale": 1,
            },
          ],
        },
      ]
    }
  >
    <TouchableOpacity
      activeOpacity={0.85}
      onPress={[Function]}
      style={
        Object {
          "alignItems": "center",
          "borderRadius": 28,
          "height": 56,
          "justifyContent": "center",
          "width": 56,
          "zIndex": 3,
        }
      }
    >
      <AnimatedComponent
        style={
          Array [
            Object {
              "alignItems": "center",
              "borderRadius": 28,
              "flex": 1,
              "height": 56,
              "justifyContent": "center",
              "width": 56,
            },
            Object {
              "transform": Array [
                Object {
                  "rotate": "0deg",
                },
              ],
            },
          ]
        }
      >
        <AddIcon
          height={15}
          width={15}
        />
      </AnimatedComponent>
    </TouchableOpacity>
  </AnimatedComponent>
</AnimatedComponent>
`;
